// Jest Snapshot v1, https://goo.gl/fbAQLP

exports[`Create message container should render the CreateMessageForm component 1`] = `
<CreateMessageForm
  avatarUrl="https://spotim-demo-chat-server.herokuapp.com/avatars/001-snorlax.png"
  classNames=""
  onChangeUserName={[Function]}
  onSendMessage={[Function]}
  onUpdateUserInfo={[Function]}
  store={
    Object {
      "clearActions": [Function],
      "dispatch": [Function],
      "getActions": [Function],
      "getState": [Function],
      "replaceReducer": [Function],
      "subscribe": [Function],
    }
  }
  storeSubscription={
    Subscription {
      "listeners": Object {
        "clear": [Function],
        "get": [Function],
        "notify": [Function],
        "subscribe": [Function],
      },
      "onStateChange": [Function],
      "parentSub": undefined,
      "store": Object {
        "clearActions": [Function],
        "dispatch": [Function],
        "getActions": [Function],
        "getState": [Function],
        "replaceReducer": [Function],
        "subscribe": [Function],
      },
      "unsubscribe": [Function],
    }
  }
  userId="0"
  userName="test"
/>
`;
