// Jest Snapshot v1, https://goo.gl/fbAQLP

exports[`CreateMessageForm component is shallow rendered without crashing 1`] = `
<div
  className="create-message-form"
>
  <Paper
    circle={false}
    className="create-message-form__paper-container"
    rounded={true}
    transitionEnabled={true}
    zDepth={1}
  >
    <div
      className="create-message-form__user-info"
    >
      <Avatar
        className="create-message-form__user-avatar"
        size={50}
        src="https://spotim-demo-chat-server.herokuapp.com/avatars/001-snorlax.png"
      />
      <TextField
        className="create-message-form__user-name-input"
        disabled={false}
        errorText=""
        floatingLabelFixed={false}
        fullWidth={true}
        hintText="User name"
        multiLine={false}
        onBlur={[Function]}
        onChange={[Function]}
        rows={1}
        type="text"
        underlineShow={true}
        value="test"
      />
    </div>
    <TextField
      className="create-message-form__text-message-input"
      disabled={false}
      floatingLabelFixed={false}
      fullWidth={true}
      hintText="Type message"
      multiLine={true}
      onChange={[Function]}
      onKeyDown={[Function]}
      rows={1}
      rowsMax={4}
      type="text"
      underlineShow={true}
      value=""
    />
    <div
      className="create-message-form__send-btn-container"
    >
      <FloatingActionButton
        className="create-message-form__send-btn"
        disabled={true}
        mini={false}
        onClick={[Function]}
        secondary={false}
        zDepth={2}
      >
        <ContentSend />
      </FloatingActionButton>
    </div>
  </Paper>
</div>
`;
